Component: Arm Compiler for Embedded 6.24 Tool: armlink [5f371500]

==============================================================================

Section Cross References

    startup_mspm0g350x_uvision.o(STACK) refers (Special) to heapauxi.o(.text) for __use_two_region_memory
    startup_mspm0g350x_uvision.o(HEAP) refers (Special) to heapauxi.o(.text) for __use_two_region_memory
    startup_mspm0g350x_uvision.o(RESET) refers (Special) to heapauxi.o(.text) for __use_two_region_memory
    startup_mspm0g350x_uvision.o(RESET) refers to startup_mspm0g350x_uvision.o(STACK) for __initial_sp
    startup_mspm0g350x_uvision.o(RESET) refers to startup_mspm0g350x_uvision.o(.text) for Reset_Handler
    startup_mspm0g350x_uvision.o(.text) refers (Special) to heapauxi.o(.text) for __use_two_region_memory
    startup_mspm0g350x_uvision.o(.text) refers to __main.o(!!!main) for __main
    startup_mspm0g350x_uvision.o(.text) refers to startup_mspm0g350x_uvision.o(HEAP) for Heap_Mem
    startup_mspm0g350x_uvision.o(.text) refers to startup_mspm0g350x_uvision.o(STACK) for Stack_Mem
    oled.o(.text.draw_1d_data) refers to rt_memclr.o(.text) for __aeabi_memclr
    oled.o(.text.draw_1d_data) refers to dflti.o(.text) for __aeabi_i2d
    oled.o(.text.draw_1d_data) refers to dmul.o(.text) for __aeabi_dmul
    oled.o(.text.draw_1d_data) refers to ddiv.o(.text) for __aeabi_ddiv
    oled.o(.text.draw_1d_data) refers to floor.o(i.floor) for floor
    oled.o(.text.draw_1d_data) refers to dfixi.o(.text) for __aeabi_d2iz
    oled.o(.ARM.exidx.text.draw_1d_data) refers to oled.o(.text.draw_1d_data) for [Anonymous Symbol]
    oled.o(.text.OLED_ClearTextArr) refers to rt_memclr.o(.text) for __aeabi_memclr
    oled.o(.ARM.exidx.text.OLED_ClearTextArr) refers to oled.o(.text.OLED_ClearTextArr) for [Anonymous Symbol]
    oled.o(.ARM.exidx.text.OLED_sendCommand) refers to oled.o(.text.OLED_sendCommand) for [Anonymous Symbol]
    oled.o(.ARM.exidx.text.OLED_write_display) refers to oled.o(.text.OLED_write_display) for [Anonymous Symbol]
    oled.o(.text.OLED_Init) refers to rt_memclr.o(.text) for __aeabi_memclr
    oled.o(.text.OLED_Init) refers to oled.o(.text.OLED_sendCommand) for OLED_sendCommand
    oled.o(.text.OLED_Init) refers to oled.o(.text.OLED_display_on) for OLED_display_on
    oled.o(.text.OLED_Init) refers to oled.o(.text.OLED_display_clear) for OLED_display_clear
    oled.o(.text.OLED_Init) refers to oled.o(.bss.text) for [Anonymous Symbol]
    oled.o(.ARM.exidx.text.OLED_Init) refers to oled.o(.text.OLED_Init) for [Anonymous Symbol]
    oled.o(.text.OLED_display_on) refers to oled.o(.text.OLED_sendCommand) for OLED_sendCommand
    oled.o(.ARM.exidx.text.OLED_display_on) refers to oled.o(.text.OLED_display_on) for [Anonymous Symbol]
    oled.o(.text.OLED_display_clear) refers to rt_memclr.o(.text) for __aeabi_memclr
    oled.o(.text.OLED_display_clear) refers to oled.o(.text.OLED_write_display) for OLED_write_display
    oled.o(.ARM.exidx.text.OLED_display_clear) refers to oled.o(.text.OLED_display_clear) for [Anonymous Symbol]
    oled.o(.text.OLED_draw) refers to rt_memcpy.o(.text) for __aeabi_memcpy
    oled.o(.text.OLED_draw) refers to oled.o(.data.num_str) for [Anonymous Symbol]
    oled.o(.ARM.exidx.text.OLED_draw) refers to oled.o(.text.OLED_draw) for [Anonymous Symbol]
    oled.o(.text.OLED_draw_line) refers to strlen.o(.text) for strlen
    oled.o(.text.OLED_draw_line) refers to oled.o(.text.OLED_draw) for OLED_draw
    oled.o(.ARM.exidx.text.OLED_draw_line) refers to oled.o(.text.OLED_draw_line) for [Anonymous Symbol]
    oled.o(.text.OLED_display_off) refers to oled.o(.text.OLED_sendCommand) for OLED_sendCommand
    oled.o(.ARM.exidx.text.OLED_display_off) refers to oled.o(.text.OLED_display_off) for [Anonymous Symbol]
    oled.o(.text.OLED_DisplayCameraData) refers to oled.o(.text.draw_1d_data) for draw_1d_data
    oled.o(.text.OLED_DisplayCameraData) refers to oled.o(.text.OLED_write_display) for OLED_write_display
    oled.o(.ARM.exidx.text.OLED_DisplayCameraData) refers to oled.o(.text.OLED_DisplayCameraData) for [Anonymous Symbol]
    oled.o(.text.OLED_PrintBlock) refers to oled.o(.text.OLED_draw_line) for OLED_draw_line
    oled.o(.text.OLED_PrintBlock) refers to oled.o(.text.OLED_write_display) for OLED_write_display
    oled.o(.ARM.exidx.text.OLED_PrintBlock) refers to oled.o(.text.OLED_PrintBlock) for [Anonymous Symbol]
    oled.o(.text.OLED_Print) refers to oled.o(.text.OLED_PrintBlock) for OLED_PrintBlock
    oled.o(.ARM.exidx.text.OLED_Print) refers to oled.o(.text.OLED_Print) for [Anonymous Symbol]
    oled.o(.text.OLED_PrintLine) refers to oled.o(.text.OLED_Print) for OLED_Print
    oled.o(.text.OLED_PrintLine) refers to oled.o(.bss.textIndex) for [Anonymous Symbol]
    oled.o(.ARM.exidx.text.OLED_PrintLine) refers to oled.o(.text.OLED_PrintLine) for [Anonymous Symbol]
    i2c.o(.ARM.exidx.text.I2C1_Init) refers to i2c.o(.text.I2C1_Init) for [Anonymous Symbol]
    uart.o(.ARM.exidx.text.UART0_init) refers to uart.o(.text.UART0_init) for [Anonymous Symbol]
    uart.o(.ARM.exidx.text.UART1_init) refers to uart.o(.text.UART1_init) for [Anonymous Symbol]
    uart.o(.ARM.exidx.text.UART0_putchar) refers to uart.o(.text.UART0_putchar) for [Anonymous Symbol]
    uart.o(.ARM.exidx.text.UART1_putchar) refers to uart.o(.text.UART1_putchar) for [Anonymous Symbol]
    uart.o(.ARM.exidx.text.UART0_getchar) refers to uart.o(.text.UART0_getchar) for [Anonymous Symbol]
    uart.o(.ARM.exidx.text.UART1_getchar) refers to uart.o(.text.UART1_getchar) for [Anonymous Symbol]
    uart.o(.text.UART0_put) refers to strlen.o(.text) for strlen
    uart.o(.text.UART0_put) refers to uart.o(.text.UART0_putchar) for UART0_putchar
    uart.o(.ARM.exidx.text.UART0_put) refers to uart.o(.text.UART0_put) for [Anonymous Symbol]
    uart.o(.text.UART1_put) refers to strlen.o(.text) for strlen
    uart.o(.text.UART1_put) refers to uart.o(.text.UART1_putchar) for UART1_putchar
    uart.o(.ARM.exidx.text.UART1_put) refers to uart.o(.text.UART1_put) for [Anonymous Symbol]
    uart.o(.ARM.exidx.text.uart0_dataAvailable) refers to uart.o(.text.uart0_dataAvailable) for [Anonymous Symbol]
    uart.o(.ARM.exidx.text.uart1_dataAvailable) refers to uart.o(.text.uart1_dataAvailable) for [Anonymous Symbol]
    rt_memcpy.o(.text) refers to rt_memcpy.o(.emb_text) for __aeabi_memcpy4
    __main.o(!!!main) refers to __rtentry.o(.ARM.Collect$$rtentry$$00000000) for __rt_entry
    ddiv.o(.text) refers (Special) to usenofp.o(x$fpl$usenofp) for __I$use$fp
    ddiv.o(.text) refers to ddiv.o(.constdata) for .constdata
    ddiv.o(.constdata) refers (Special) to usenofp.o(x$fpl$usenofp) for __I$use$fp
    dfixi.o(.text) refers (Special) to usenofp.o(x$fpl$usenofp) for __I$use$fp
    dflti.o(.text) refers (Special) to usenofp.o(x$fpl$usenofp) for __I$use$fp
    dmul.o(.text) refers (Special) to usenofp.o(x$fpl$usenofp) for __I$use$fp
    floor.o(i.__softfp_floor) refers (Special) to usenofp.o(x$fpl$usenofp) for __I$use$fp
    floor.o(i.__softfp_floor) refers to floor.o(i.floor) for floor
    floor.o(i.floor) refers (Special) to usenofp.o(x$fpl$usenofp) for __I$use$fp
    floor.o(i.floor) refers to daddsub.o(.text) for __aeabi_dadd
    floor.o(i.floor) refers to drlef.o(x$fpl$drleqf) for __aeabi_cdrcmple
    __rtentry.o(.ARM.Collect$$rtentry$$00000000) refers (Special) to __rtentry2.o(.ARM.Collect$$rtentry$$0000000A) for __rt_entry_li
    __rtentry.o(.ARM.Collect$$rtentry$$00000000) refers (Special) to __rtentry2.o(.ARM.Collect$$rtentry$$0000000D) for __rt_entry_main
    __rtentry.o(.ARM.Collect$$rtentry$$00000000) refers (Special) to __rtentry2.o(.ARM.Collect$$rtentry$$0000000C) for __rt_entry_postli_1
    __rtentry.o(.ARM.Collect$$rtentry$$00000000) refers (Special) to __rtentry2.o(.ARM.Collect$$rtentry$$00000009) for __rt_entry_postsh_1
    __rtentry.o(.ARM.Collect$$rtentry$$00000000) refers (Special) to __rtentry2.o(.ARM.Collect$$rtentry$$00000002) for __rt_entry_presh_1
    __rtentry.o(.ARM.Collect$$rtentry$$00000000) refers (Special) to __rtentry4.o(.ARM.Collect$$rtentry$$00000004) for __rt_entry_sh
    daddsub.o(.text) refers (Special) to usenofp.o(x$fpl$usenofp) for __I$use$fp
    drlef.o(x$fpl$drleqf) refers (Special) to usenofp.o(x$fpl$usenofp) for __I$use$fp
    drlef.o(x$fpl$drleqf) refers to dcmpin.o(.text) for __fpl_dcmp_InfNaN
    __rtentry2.o(.ARM.Collect$$rtentry$$00000008) refers to boardinit2.o(.text) for _platform_post_stackheap_init
    __rtentry2.o(.ARM.Collect$$rtentry$$0000000A) refers to libinit.o(.ARM.Collect$$libinit$$00000000) for __rt_lib_init
    __rtentry2.o(.ARM.Collect$$rtentry$$0000000B) refers to boardinit3.o(.text) for _platform_post_lib_init
    __rtentry2.o(.ARM.Collect$$rtentry$$0000000D) refers to exit.o(.text) for exit
    __rtentry2.o(.ARM.exidx) refers to __rtentry2.o(.ARM.Collect$$rtentry$$00000001) for .ARM.Collect$$rtentry$$00000001
    __rtentry2.o(.ARM.exidx) refers to __rtentry2.o(.ARM.Collect$$rtentry$$00000008) for .ARM.Collect$$rtentry$$00000008
    __rtentry2.o(.ARM.exidx) refers to __rtentry2.o(.ARM.Collect$$rtentry$$0000000A) for .ARM.Collect$$rtentry$$0000000A
    __rtentry2.o(.ARM.exidx) refers to __rtentry2.o(.ARM.Collect$$rtentry$$0000000B) for .ARM.Collect$$rtentry$$0000000B
    __rtentry2.o(.ARM.exidx) refers to __rtentry2.o(.ARM.Collect$$rtentry$$0000000D) for .ARM.Collect$$rtentry$$0000000D
    __rtentry4.o(.ARM.Collect$$rtentry$$00000004) refers to sys_stackheap_outer.o(.text) for __user_setup_stackheap
    __rtentry4.o(.ARM.exidx) refers to __rtentry4.o(.ARM.Collect$$rtentry$$00000004) for .ARM.Collect$$rtentry$$00000004
    dcmpin.o(.text) refers (Special) to usenofp.o(x$fpl$usenofp) for __I$use$fp
    dcmpin.o(.text) refers to cmpret.o(.text) for __fpl_cmpreturn
    dcmpin.o(.text) refers to dnan2.o(.text) for __fpl_dcheck_NaN2
    sys_stackheap_outer.o(.text) refers to libspace.o(.text) for __user_perproc_libspace
    sys_stackheap_outer.o(.text) refers to startup_mspm0g350x_uvision.o(.text) for __user_initial_stackheap
    sys_stackheap_outer.o(__vectab_stack_and_reset_area) refers to tempstk.o(.text) for __temporary_stack_top
    sys_stackheap_outer.o(__vectab_stack_and_reset_area) refers to __main.o(!!!main) for __main
    exit.o(.text) refers to rtexit.o(.ARM.Collect$$rtexit$$00000000) for __rt_exit
    libinit.o(.ARM.Collect$$libinit$$00000000) refers (Special) to libinit2.o(.ARM.Collect$$libinit$$00000030) for __rt_lib_init_alloca_1
    libinit.o(.ARM.Collect$$libinit$$00000000) refers (Special) to libinit2.o(.ARM.Collect$$libinit$$00000029) for __rt_lib_init_argv_1
    libinit.o(.ARM.Collect$$libinit$$00000000) refers (Special) to libinit2.o(.ARM.Collect$$libinit$$0000001D) for __rt_lib_init_atexit_1
    libinit.o(.ARM.Collect$$libinit$$00000000) refers (Special) to libinit2.o(.ARM.Collect$$libinit$$00000023) for __rt_lib_init_clock_1
    libinit.o(.ARM.Collect$$libinit$$00000000) refers (Special) to libinit2.o(.ARM.Collect$$libinit$$00000034) for __rt_lib_init_cpp_1
    libinit.o(.ARM.Collect$$libinit$$00000000) refers (Special) to libinit2.o(.ARM.Collect$$libinit$$00000032) for __rt_lib_init_exceptions_1
    libinit.o(.ARM.Collect$$libinit$$00000000) refers (Special) to libinit2.o(.ARM.Collect$$libinit$$00000002) for __rt_lib_init_fp_1
    libinit.o(.ARM.Collect$$libinit$$00000000) refers (Special) to libinit2.o(.ARM.Collect$$libinit$$00000021) for __rt_lib_init_fp_trap_1
    libinit.o(.ARM.Collect$$libinit$$00000000) refers (Special) to libinit2.o(.ARM.Collect$$libinit$$00000025) for __rt_lib_init_getenv_1
    libinit.o(.ARM.Collect$$libinit$$00000000) refers (Special) to libinit2.o(.ARM.Collect$$libinit$$0000000C) for __rt_lib_init_heap_1
    libinit.o(.ARM.Collect$$libinit$$00000000) refers (Special) to libinit2.o(.ARM.Collect$$libinit$$00000013) for __rt_lib_init_lc_collate_1
    libinit.o(.ARM.Collect$$libinit$$00000000) refers (Special) to libinit2.o(.ARM.Collect$$libinit$$00000015) for __rt_lib_init_lc_ctype_1
    libinit.o(.ARM.Collect$$libinit$$00000000) refers (Special) to libinit2.o(.ARM.Collect$$libinit$$00000017) for __rt_lib_init_lc_monetary_1
    libinit.o(.ARM.Collect$$libinit$$00000000) refers (Special) to libinit2.o(.ARM.Collect$$libinit$$00000019) for __rt_lib_init_lc_numeric_1
    libinit.o(.ARM.Collect$$libinit$$00000000) refers (Special) to libinit2.o(.ARM.Collect$$libinit$$0000001B) for __rt_lib_init_lc_time_1
    libinit.o(.ARM.Collect$$libinit$$00000000) refers (Special) to libinit2.o(.ARM.Collect$$libinit$$00000006) for __rt_lib_init_preinit_1
    libinit.o(.ARM.Collect$$libinit$$00000000) refers (Special) to libinit2.o(.ARM.Collect$$libinit$$00000010) for __rt_lib_init_rand_1
    libinit.o(.ARM.Collect$$libinit$$00000000) refers (Special) to libinit2.o(.ARM.Collect$$libinit$$00000004) for __rt_lib_init_relocate_pie_1
    libinit.o(.ARM.Collect$$libinit$$00000000) refers (Special) to libinit2.o(.ARM.Collect$$libinit$$00000035) for __rt_lib_init_return
    libinit.o(.ARM.Collect$$libinit$$00000000) refers (Special) to libinit2.o(.ARM.Collect$$libinit$$0000001F) for __rt_lib_init_signal_1
    libinit.o(.ARM.Collect$$libinit$$00000000) refers (Special) to libinit2.o(.ARM.Collect$$libinit$$00000027) for __rt_lib_init_stdio_1
    libinit.o(.ARM.Collect$$libinit$$00000000) refers (Special) to libinit2.o(.ARM.Collect$$libinit$$0000000E) for __rt_lib_init_user_alloc_1
    cmpret.o(.text) refers (Special) to usenofp.o(x$fpl$usenofp) for __I$use$fp
    dnan2.o(.text) refers (Special) to usenofp.o(x$fpl$usenofp) for __I$use$fp
    dnan2.o(.text) refers to retnan.o(.text) for __fpl_return_NaN
    libspace.o(.text) refers to libspace.o(.bss) for __libspace_start
    rtexit.o(.ARM.Collect$$rtexit$$00000000) refers (Special) to rtexit2.o(.ARM.Collect$$rtexit$$00000004) for __rt_exit_exit
    rtexit.o(.ARM.Collect$$rtexit$$00000000) refers (Special) to rtexit2.o(.ARM.Collect$$rtexit$$00000003) for __rt_exit_ls
    rtexit.o(.ARM.Collect$$rtexit$$00000000) refers (Special) to rtexit2.o(.ARM.Collect$$rtexit$$00000002) for __rt_exit_prels_1
    rtexit.o(.ARM.exidx) refers (Special) to rtexit2.o(.ARM.Collect$$rtexit$$00000004) for __rt_exit_exit
    rtexit.o(.ARM.exidx) refers (Special) to rtexit2.o(.ARM.Collect$$rtexit$$00000003) for __rt_exit_ls
    rtexit.o(.ARM.exidx) refers (Special) to rtexit2.o(.ARM.Collect$$rtexit$$00000002) for __rt_exit_prels_1
    rtexit.o(.ARM.exidx) refers to rtexit.o(.ARM.Collect$$rtexit$$00000000) for .ARM.Collect$$rtexit$$00000000
    libinit2.o(.ARM.Collect$$libinit$$00000012) refers to libinit2.o(.ARM.Collect$$libinit$$00000011) for .ARM.Collect$$libinit$$00000011
    libinit2.o(.ARM.Collect$$libinit$$00000014) refers to libinit2.o(.ARM.Collect$$libinit$$00000011) for .ARM.Collect$$libinit$$00000011
    libinit2.o(.ARM.Collect$$libinit$$00000016) refers to libinit2.o(.ARM.Collect$$libinit$$00000011) for .ARM.Collect$$libinit$$00000011
    libinit2.o(.ARM.Collect$$libinit$$00000018) refers to libinit2.o(.ARM.Collect$$libinit$$00000011) for .ARM.Collect$$libinit$$00000011
    libinit2.o(.ARM.Collect$$libinit$$0000001A) refers to libinit2.o(.ARM.Collect$$libinit$$00000011) for .ARM.Collect$$libinit$$00000011
    libinit2.o(.ARM.Collect$$libinit$$00000028) refers to argv_veneer.o(.text) for __ARM_argv_veneer
    libinit2.o(.ARM.Collect$$libinit$$00000029) refers to argv_veneer.o(.text) for __ARM_argv_veneer
    retnan.o(.text) refers (Special) to usenofp.o(x$fpl$usenofp) for __I$use$fp
    retnan.o(.text) refers to cmpret.o(.text) for __fpl_cmpreturn
    rtexit2.o(.ARM.Collect$$rtexit$$00000003) refers to libshutdown.o(.ARM.Collect$$libshutdown$$00000000) for __rt_lib_shutdown
    rtexit2.o(.ARM.Collect$$rtexit$$00000004) refers to sys_exit.o(.text) for _sys_exit
    rtexit2.o(.ARM.exidx) refers to rtexit2.o(.ARM.Collect$$rtexit$$00000001) for .ARM.Collect$$rtexit$$00000001
    rtexit2.o(.ARM.exidx) refers to rtexit2.o(.ARM.Collect$$rtexit$$00000003) for .ARM.Collect$$rtexit$$00000003
    rtexit2.o(.ARM.exidx) refers to rtexit2.o(.ARM.Collect$$rtexit$$00000004) for .ARM.Collect$$rtexit$$00000004
    argv_veneer.o(.text) refers to _get_argv_nomalloc.o(.text) for __ARM_get_argv
    sys_exit.o(.text) refers (Special) to use_no_semi.o(.text) for __I$use$semihosting
    sys_exit.o(.text) refers (Special) to indicate_semi.o(.text) for __semihosting_library_function
    sys_exit_hlt.o(.text) refers (Special) to use_no_semi.o(.text) for __I$use$semihosting
    sys_exit_hlt.o(.text) refers (Special) to indicate_semi.o(.text) for __semihosting_library_function
    _get_argv_nomalloc.o(.text) refers (Special) to hrguard.o(.text) for __heap_region$guard
    _get_argv_nomalloc.o(.text) refers to defsig_rtmem_outer.o(.text) for __rt_SIGRTMEM
    _get_argv_nomalloc.o(.text) refers to sys_command.o(.text) for _sys_command_string
    libshutdown.o(.ARM.Collect$$libshutdown$$00000000) refers (Special) to libshutdown2.o(.ARM.Collect$$libshutdown$$00000002) for __rt_lib_shutdown_cpp_1
    libshutdown.o(.ARM.Collect$$libshutdown$$00000000) refers (Special) to libshutdown2.o(.ARM.Collect$$libshutdown$$00000007) for __rt_lib_shutdown_fp_trap_1
    libshutdown.o(.ARM.Collect$$libshutdown$$00000000) refers (Special) to libshutdown2.o(.ARM.Collect$$libshutdown$$0000000F) for __rt_lib_shutdown_heap_1
    libshutdown.o(.ARM.Collect$$libshutdown$$00000000) refers (Special) to libshutdown2.o(.ARM.Collect$$libshutdown$$00000010) for __rt_lib_shutdown_return
    libshutdown.o(.ARM.Collect$$libshutdown$$00000000) refers (Special) to libshutdown2.o(.ARM.Collect$$libshutdown$$0000000A) for __rt_lib_shutdown_signal_1
    libshutdown.o(.ARM.Collect$$libshutdown$$00000000) refers (Special) to libshutdown2.o(.ARM.Collect$$libshutdown$$00000004) for __rt_lib_shutdown_stdio_1
    libshutdown.o(.ARM.Collect$$libshutdown$$00000000) refers (Special) to libshutdown2.o(.ARM.Collect$$libshutdown$$0000000C) for __rt_lib_shutdown_user_alloc_1
    sys_command.o(.text) refers (Special) to use_no_semi.o(.text) for __I$use$semihosting
    sys_command.o(.text) refers (Special) to indicate_semi.o(.text) for __semihosting_library_function
    sys_command_hlt.o(.text) refers (Special) to use_no_semi.o(.text) for __I$use$semihosting
    sys_command_hlt.o(.text) refers (Special) to indicate_semi.o(.text) for __semihosting_library_function
    defsig_rtmem_outer.o(.text) refers to defsig_rtmem_inner.o(.text) for __rt_SIGRTMEM_inner
    defsig_rtmem_outer.o(.text) refers to defsig_exit.o(.text) for __sig_exit
    defsig_rtmem_formal.o(.text) refers to rt_raise.o(.text) for __rt_raise
    rt_raise.o(.text) refers to __raise.o(.text) for __raise
    rt_raise.o(.text) refers to sys_exit.o(.text) for _sys_exit
    defsig_exit.o(.text) refers to sys_exit.o(.text) for _sys_exit
    defsig_rtmem_inner.o(.text) refers to defsig_general.o(.text) for __default_signal_display
    __raise.o(.text) refers to defsig.o(CL$$defsig) for __default_signal_handler
    defsig_general.o(.text) refers to sys_wrch.o(.text) for _ttywrch
    sys_wrch.o(.text) refers (Special) to use_no_semi.o(.text) for __I$use$semihosting
    sys_wrch.o(.text) refers (Special) to indicate_semi.o(.text) for __semihosting_library_function
    sys_wrch_hlt.o(.text) refers (Special) to use_no_semi.o(.text) for __I$use$semihosting
    sys_wrch_hlt.o(.text) refers (Special) to indicate_semi.o(.text) for __semihosting_library_function
    defsig.o(CL$$defsig) refers to defsig_rtmem_inner.o(.text) for __rt_SIGRTMEM_inner
    defsig_abrt_inner.o(.text) refers to defsig_general.o(.text) for __default_signal_display
    defsig_fpe_inner.o(.text) refers to defsig_general.o(.text) for __default_signal_display
    defsig_rtred_inner.o(.text) refers to defsig_general.o(.text) for __default_signal_display
    defsig_stak_inner.o(.text) refers to defsig_general.o(.text) for __default_signal_display
    defsig_pvfn_inner.o(.text) refers to defsig_general.o(.text) for __default_signal_display
    defsig_cppl_inner.o(.text) refers to defsig_general.o(.text) for __default_signal_display
    defsig_segv_inner.o(.text) refers to defsig_general.o(.text) for __default_signal_display
    defsig_other.o(.text) refers to defsig_general.o(.text) for __default_signal_display


==============================================================================

Removing Unused input sections from the image.

    Removing oled.o(.text), (0 bytes).
    Removing oled.o(.text.draw_1d_data), (152 bytes).
    Removing oled.o(.ARM.exidx.text.draw_1d_data), (8 bytes).
    Removing oled.o(.text.OLED_ClearTextArr), (20 bytes).
    Removing oled.o(.ARM.exidx.text.OLED_ClearTextArr), (8 bytes).
    Removing oled.o(.text.OLED_sendCommand), (28 bytes).
    Removing oled.o(.ARM.exidx.text.OLED_sendCommand), (8 bytes).
    Removing oled.o(.text.OLED_write_display), (64 bytes).
    Removing oled.o(.ARM.exidx.text.OLED_write_display), (8 bytes).
    Removing oled.o(.text.OLED_Init), (312 bytes).
    Removing oled.o(.ARM.exidx.text.OLED_Init), (8 bytes).
    Removing oled.o(.text.OLED_display_on), (10 bytes).
    Removing oled.o(.ARM.exidx.text.OLED_display_on), (8 bytes).
    Removing oled.o(.text.OLED_display_clear), (52 bytes).
    Removing oled.o(.ARM.exidx.text.OLED_display_clear), (8 bytes).
    Removing oled.o(.text.OLED_draw), (192 bytes).
    Removing oled.o(.ARM.exidx.text.OLED_draw), (8 bytes).
    Removing oled.o(.text.OLED_draw_line), (76 bytes).
    Removing oled.o(.ARM.exidx.text.OLED_draw_line), (8 bytes).
    Removing oled.o(.text.OLED_display_off), (10 bytes).
    Removing oled.o(.ARM.exidx.text.OLED_display_off), (8 bytes).
    Removing oled.o(.text.OLED_DisplayCameraData), (28 bytes).
    Removing oled.o(.ARM.exidx.text.OLED_DisplayCameraData), (8 bytes).
    Removing oled.o(.text.OLED_PrintBlock), (100 bytes).
    Removing oled.o(.ARM.exidx.text.OLED_PrintBlock), (8 bytes).
    Removing oled.o(.text.OLED_Print), (30 bytes).
    Removing oled.o(.ARM.exidx.text.OLED_Print), (8 bytes).
    Removing oled.o(.text.OLED_PrintLine), (52 bytes).
    Removing oled.o(.ARM.exidx.text.OLED_PrintLine), (8 bytes).
    Removing oled.o(.bss.text), (60 bytes).
    Removing oled.o(.bss.textIndex), (4 bytes).
    Removing oled.o(.data.num_str), (1520 bytes).
    Removing i2c.o(.text), (0 bytes).
    Removing i2c.o(.text.I2C1_Init), (56 bytes).
    Removing i2c.o(.ARM.exidx.text.I2C1_Init), (8 bytes).
    Removing uart.o(.text), (0 bytes).
    Removing uart.o(.text.UART0_init), (216 bytes).
    Removing uart.o(.ARM.exidx.text.UART0_init), (8 bytes).
    Removing uart.o(.text.UART1_init), (216 bytes).
    Removing uart.o(.ARM.exidx.text.UART1_init), (8 bytes).
    Removing uart.o(.text.UART0_putchar), (52 bytes).
    Removing uart.o(.ARM.exidx.text.UART0_putchar), (8 bytes).
    Removing uart.o(.text.UART1_putchar), (52 bytes).
    Removing uart.o(.ARM.exidx.text.UART1_putchar), (8 bytes).
    Removing uart.o(.text.UART0_getchar), (32 bytes).
    Removing uart.o(.ARM.exidx.text.UART0_getchar), (8 bytes).
    Removing uart.o(.text.UART1_getchar), (32 bytes).
    Removing uart.o(.ARM.exidx.text.UART1_getchar), (8 bytes).
    Removing uart.o(.text.UART0_put), (54 bytes).
    Removing uart.o(.ARM.exidx.text.UART0_put), (8 bytes).
    Removing uart.o(.text.UART1_put), (54 bytes).
    Removing uart.o(.ARM.exidx.text.UART1_put), (8 bytes).
    Removing uart.o(.text.uart0_dataAvailable), (40 bytes).
    Removing uart.o(.ARM.exidx.text.uart0_dataAvailable), (8 bytes).
    Removing uart.o(.text.uart1_dataAvailable), (40 bytes).
    Removing uart.o(.ARM.exidx.text.uart1_dataAvailable), (8 bytes).

56 unused section(s) (total 3754 bytes) removed from the image.
